../Core/Src/main.c:69:6:lcd_show_1line	16	static
../Core/Src/main.c:80:6:lcd_show_2lines	16	static
../Core/Src/main.c:91:6:uart_getchar	16	static
../Core/Src/main.c:98:6:lcd_show_player	40	static
../Core/Src/main.c:111:6:greet	8	static
../Core/Src/main.c:129:5:askStartGame	32	static
../Core/Src/main.c:159:5:askReplay	16	static
../Core/Src/main.c:173:6:startGame	24	static
../Core/Src/main.c:265:6:printHelp	8	static
../Core/Src/main.c:286:5:main	32	static
../Core/Src/main.c:354:6:SystemClock_Config	96	static
../Core/Src/main.c:412:6:Error_Handler	4	static,ignoring_inline_asm
