../Core/Src/main.c:69:6:clearTerminal	8	static
../Core/Src/main.c:76:6:lcd_show_1line	16	static
../Core/Src/main.c:87:6:lcd_show_2lines	16	static
../Core/Src/main.c:98:6:uart_getchar	16	static
../Core/Src/main.c:105:6:lcd_show_player	40	static
../Core/Src/main.c:118:6:greet	8	static
../Core/Src/main.c:131:5:askStartGame	32	static
../Core/Src/main.c:161:5:askReplay	24	static
../Core/Src/main.c:190:6:startGame	40	static
../Core/Src/main.c:316:6:printHelp	8	static
../Core/Src/main.c:337:5:main	32	static
../Core/Src/main.c:423:6:SystemClock_Config	96	static
../Core/Src/main.c:481:6:Error_Handler	4	static,ignoring_inline_asm
