21:37:11 **** Incremental Build of configuration Debug for project Tic_Tac_Toe_01 ****
make -j8 all 
arm-none-eabi-size  Tic_Tac_Toe_01.elf 
   text	   data	    bss	    dec	    hex	filename
  40376	    108	   3780	  44264	   ace8	Tic_Tac_Toe_01.elf
Finished building: default.size.stdout
 
21:37:14 **** Incremental Build of configuration Debug for project Tic_Tac_Toe_01 ****
make -j8 all 
arm-none-eabi-size  Tic_Tac_Toe_01.elf 
   text	   data	    bss	    dec	    hex	filename
  40376	    108	   3780	  44264	   ace8	Tic_Tac_Toe_01.elf
Finished building: default.size.stdout
 
