12:57:46 **** Incremental Build of configuration Debug for project Tic_Tac_Toe_01 ****
make -j8 all 
arm-none-eabi-gcc "../Core/Src/main.c" -mcpu=cortex-m4 -std=gnu11 -g3 -DDEBUG -DUSE_HAL_DRIVER -DSTM32L412xx -c -I../Core/Inc -I../Drivers/STM32L4xx_HAL_Driver/Inc -I../Drivers/STM32L4xx_HAL_Driver/Inc/Legacy -I../Drivers/CMSIS/Device/ST/STM32L4xx/Include -I../Drivers/CMSIS/Include -O0 -ffunction-sections -fdata-sections -Wall -fstack-usage -fcyclomatic-complexity -MMD -MP -MF"Core/Src/main.d" -MT"Core/Src/main.o" --specs=nano.specs -mfpu=fpv4-sp-d16 -mfloat-abi=hard -mthumb -o "Core/Src/main.o"
arm-none-eabi-gcc -o "Tic_Tac_Toe_01.elf" @"objects.list"   -mcpu=cortex-m4 -T"C:\Users\a911353\Desktop\6. Semester\Eingebettete Systeme\Prüfungsleistung\Tic_Tac_Toe_01\STM32L412KBUX_FLASH.ld" --specs=nosys.specs -Wl,-Map="Tic_Tac_Toe_01.map" -Wl,--gc-sections -static --specs=nano.specs -mfpu=fpv4-sp-d16 -mfloat-abi=hard -mthumb -Wl,--start-group -lc -lm -Wl,--end-group
Finished building target: Tic_Tac_Toe_01.elf
 
arm-none-eabi-size  Tic_Tac_Toe_01.elf 
arm-none-eabi-objdump -h -S Tic_Tac_Toe_01.elf  > "Tic_Tac_Toe_01.list"
   text	   data	    bss	    dec	    hex	filename
  41644	    108	   3828	  45580	   b20c	Tic_Tac_Toe_01.elf
Finished building: default.size.stdout
 
Finished building: Tic_Tac_Toe_01.list
 

12:57:48 Build Finished. 0 errors, 0 warnings. (took 1s.929ms)

